index.html
index.js
lib/
lib/MaterialIcons-Regular.eot
lib/MaterialIcons-Regular.ttf
lib/MaterialIcons-Regular.woff
lib/abstract_type.svg
lib/annotation.svg
lib/annotation_comp.svg
lib/class.svg
lib/class_comp.svg
lib/class_diagram.png
lib/diagrams.css
lib/index.css
lib/index.js
lib/jquery.min.js
lib/lato-v11-latin-100.eot
lib/lato-v11-latin-100.ttf
lib/lato-v11-latin-100.woff
lib/lato-v11-latin-regular.eot
lib/lato-v11-latin-regular.ttf
lib/lato-v11-latin-regular.woff
lib/object.svg
lib/object_comp.svg
lib/object_comp_annotation.svg
lib/object_comp_trait.svg
lib/object_diagram.png
lib/open-sans-v13-latin-400i.eot
lib/open-sans-v13-latin-400i.ttf
lib/open-sans-v13-latin-400i.woff
lib/open-sans-v13-latin-700.eot
lib/open-sans-v13-latin-700.ttf
lib/open-sans-v13-latin-700.woff
lib/open-sans-v13-latin-700i.eot
lib/open-sans-v13-latin-700i.ttf
lib/open-sans-v13-latin-700i.woff
lib/open-sans-v13-latin-regular.eot
lib/open-sans-v13-latin-regular.ttf
lib/open-sans-v13-latin-regular.woff
lib/ownderbg2.gif
lib/ownerbg.gif
lib/ownerbg2.gif
lib/package.svg
lib/print.css
lib/ref-index.css
lib/scheduler.js
lib/source-code-pro-v6-latin-700.eot
lib/source-code-pro-v6-latin-700.ttf
lib/source-code-pro-v6-latin-700.woff
lib/source-code-pro-v6-latin-regular.eot
lib/source-code-pro-v6-latin-regular.ttf
lib/source-code-pro-v6-latin-regular.woff
lib/template.css
lib/template.js
lib/trait.svg
lib/trait_comp.svg
lib/trait_diagram.png
lib/type_diagram.png
tests/
tests/index.html
tests/integration/
tests/integration/index.html
tests/integration/scala_export/
tests/integration/scala_export/Main$.html
tests/integration/scala_export/index.html
